C:/TouchGFXProjects/Frogger-v2/Core/Src/main.c:1165:13:SPI5_Write	1
C:/TouchGFXProjects/Frogger-v2/Core/Src/main.c:378:6:tone	4
C:/TouchGFXProjects/Frogger-v2/Core/Src/main.c:391:6:noTone	1
C:/TouchGFXProjects/Frogger-v2/Core/Src/main.c:433:6:playSound	2
C:/TouchGFXProjects/Frogger-v2/Core/Src/main.c:1277:6:StartDefaultTask	5
C:/TouchGFXProjects/Frogger-v2/Core/Src/main.c:561:6:SystemClock_Config	1
C:/TouchGFXProjects/Frogger-v2/Core/Src/main.c:467:5:main	1
C:/TouchGFXProjects/Frogger-v2/Core/Src/main.c:1009:6:IOE_Init	1
C:/TouchGFXProjects/Frogger-v2/Core/Src/main.c:1018:6:IOE_ITConfig	1
C:/TouchGFXProjects/Frogger-v2/Core/Src/main.c:1030:6:IOE_Write	1
C:/TouchGFXProjects/Frogger-v2/Core/Src/main.c:1041:9:IOE_Read	1
C:/TouchGFXProjects/Frogger-v2/Core/Src/main.c:1054:10:IOE_ReadMultiple	1
C:/TouchGFXProjects/Frogger-v2/Core/Src/main.c:1063:6:IOE_Delay	1
C:/TouchGFXProjects/Frogger-v2/Core/Src/main.c:1191:6:LCD_IO_Init	1
C:/TouchGFXProjects/Frogger-v2/Core/Src/main.c:1201:6:LCD_IO_WriteData	1
C:/TouchGFXProjects/Frogger-v2/Core/Src/main.c:1217:6:LCD_IO_WriteReg	1
C:/TouchGFXProjects/Frogger-v2/Core/Src/main.c:1236:10:LCD_IO_ReadData	1
C:/TouchGFXProjects/Frogger-v2/Core/Src/main.c:1263:6:LCD_Delay	1
C:/TouchGFXProjects/Frogger-v2/Core/Src/main.c:1314:6:HAL_TIM_PeriodElapsedCallback	2
C:/TouchGFXProjects/Frogger-v2/Core/Src/main.c:1331:6:Error_Handler	1
