../../Middlewares/ST/touchgfx/framework/include/touchgfx/Screen.hpp:104:18:virtual void touchgfx::Screen::afterTransition()	0	static
../../Middlewares/ST/touchgfx/framework/include/touchgfx/Screen.hpp:144:18:virtual void touchgfx::Screen::handleTickEvent()	0	static
../../Middlewares/ST/touchgfx/framework/include/touchgfx/Screen.hpp:154:18:virtual void touchgfx::Screen::handleKeyEvent(uint8_t)	0	static
C:/TouchGFXProjects/Frogger-v2/TouchGFX/gui/src/firstranking_screen/FirstRankingView.cpp:13:6:virtual void FirstRankingView::tearDownScreen()	0	static
../../TouchGFX/gui/include/gui/firstranking_screen/FirstRankingView.hpp:11:13:FirstRankingView::~FirstRankingView()	8	static
../../TouchGFX/gui/include/gui/firstranking_screen/FirstRankingView.hpp:11:13:virtual FirstRankingView::~FirstRankingView()	8	static
C:/TouchGFXProjects/Frogger-v2/TouchGFX/gui/src/firstranking_screen/FirstRankingView.cpp:3:1:FirstRankingView::FirstRankingView()	8	static
C:/TouchGFXProjects/Frogger-v2/TouchGFX/gui/src/firstranking_screen/FirstRankingView.cpp:8:6:virtual void FirstRankingView::setupScreen()	0	static
