../../Middlewares/ST/touchgfx/framework/include/touchgfx/Screen.hpp:104:18:virtual void touchgfx::Screen::afterTransition()	0	static
../../Middlewares/ST/touchgfx/framework/include/touchgfx/Screen.hpp:154:18:virtual void touchgfx::Screen::handleKeyEvent(uint8_t)	0	static
C:/TouchGFXProjects/Frogger-v2/TouchGFX/gui/src/game_screen/GameView.cpp:322:6:virtual void GameView::tearDownScreen()	0	static
../../TouchGFX/gui/include/gui/game_screen/GameView.hpp:11:13:GameView::~GameView()	8	static
../../TouchGFX/gui/include/gui/game_screen/GameView.hpp:11:13:virtual GameView::~GameView()	8	static
C:/TouchGFXProjects/Frogger-v2/TouchGFX/gui/src/game_screen/GameView.cpp:12:6:void addScore(uint16_t)	8	static
C:/TouchGFXProjects/Frogger-v2/TouchGFX/gui/src/game_screen/GameView.cpp:36:6:void GameView::setText(uint16_t, uint16_t, uint16_t)	24	static
C:/TouchGFXProjects/Frogger-v2/TouchGFX/gui/src/game_screen/GameView.cpp:43:9:uint8_t getQueue()	16	static
C:/TouchGFXProjects/Frogger-v2/TouchGFX/gui/src/game_screen/GameView.cpp:55:9:int16_t GameView::newX(int16_t, int16_t)	0	static
C:/TouchGFXProjects/Frogger-v2/TouchGFX/gui/src/game_screen/GameView.cpp:71:9:uint8_t GameView::froggerMove()	8	static
C:/TouchGFXProjects/Frogger-v2/TouchGFX/gui/src/game_screen/GameView.cpp:96:6:void GameView::froggerFloat(int16_t)	8	static
C:/TouchGFXProjects/Frogger-v2/TouchGFX/gui/src/game_screen/GameView.cpp:115:6:void GameView::carMove()	16	static
C:/TouchGFXProjects/Frogger-v2/TouchGFX/gui/src/game_screen/GameView.cpp:124:6:void GameView::woodMove()	16	static
C:/TouchGFXProjects/Frogger-v2/TouchGFX/gui/src/game_screen/GameView.cpp:135:6:bool GameView::checkCar(int16_t, int16_t, int16_t, int16_t)	72	static
C:/TouchGFXProjects/Frogger-v2/TouchGFX/gui/src/game_screen/GameView.cpp:166:6:bool GameView::checkBorder(int16_t, int16_t, int16_t, int16_t)	8	static
C:/TouchGFXProjects/Frogger-v2/TouchGFX/gui/src/game_screen/GameView.cpp:178:9:int16_t GameView::checkRiver(int16_t, int16_t, int16_t, int16_t)	88	static
C:/TouchGFXProjects/Frogger-v2/TouchGFX/gui/src/game_screen/GameView.cpp:210:9:int16_t GameView::checkFinish(int16_t, int16_t, int16_t, int16_t)	72	static
C:/TouchGFXProjects/Frogger-v2/TouchGFX/gui/src/game_screen/GameView.cpp:241:6:void GameView::setAnchorFrogger(int16_t)	0	static
C:/TouchGFXProjects/Frogger-v2/TouchGFX/gui/src/game_screen/GameView.cpp:263:6:void GameView::setGameOver(bool)	0	static
C:/TouchGFXProjects/Frogger-v2/TouchGFX/gui/src/game_screen/GameView.cpp:269:6:void GameView::setMode(uint8_t)	0	static
C:/TouchGFXProjects/Frogger-v2/TouchGFX/gui/src/game_screen/GameView.cpp:285:1:GameView::GameView()	8	static
C:/TouchGFXProjects/Frogger-v2/TouchGFX/gui/src/game_screen/GameView.cpp:307:6:virtual void GameView::setupScreen()	16	static
C:/TouchGFXProjects/Frogger-v2/TouchGFX/gui/src/game_screen/GameView.cpp:327:6:virtual void GameView::handleTickEvent()	48	static
