../../Middlewares/ST/touchgfx/framework/include/touchgfx/Screen.hpp:104:18:virtual void touchgfx::Screen::afterTransition()	0	static
../../Middlewares/ST/touchgfx/framework/include/touchgfx/Screen.hpp:144:18:virtual void touchgfx::Screen::handleTickEvent()	0	static
../../Middlewares/ST/touchgfx/framework/include/touchgfx/Screen.hpp:154:18:virtual void touchgfx::Screen::handleKeyEvent(uint8_t)	0	static
C:/TouchGFXProjects/Frogger-v2/TouchGFX/gui/src/game1_screen/Game1View.cpp:13:6:virtual void Game1View::tearDownScreen()	0	static
../../TouchGFX/gui/include/gui/game1_screen/Game1View.hpp:11:13:Game1View::~Game1View()	8	static
../../TouchGFX/gui/include/gui/game1_screen/Game1View.hpp:11:13:virtual Game1View::~Game1View()	8	static
C:/TouchGFXProjects/Frogger-v2/TouchGFX/gui/src/game1_screen/Game1View.cpp:3:1:Game1View::Game1View()	8	static
C:/TouchGFXProjects/Frogger-v2/TouchGFX/gui/src/game1_screen/Game1View.cpp:8:6:virtual void Game1View::setupScreen()	0	static
