../../TouchGFX/gui/include/gui/game1_screen/Game1Presenter.hpp:28:13:Game1Presenter::~Game1Presenter()	0	static
C:/TouchGFXProjects/Frogger-v2/TouchGFX/gui/src/game1_screen/Game1Presenter.cpp:10:6:virtual void Game1Presenter::activate()	0	static
../../TouchGFX/gui/include/gui/game1_screen/Game1Presenter.hpp:28:13:virtual Game1Presenter::~Game1Presenter()	8	static
../../TouchGFX/gui/include/gui/game1_screen/Game1Presenter.hpp:28:13:virtual void* Game1Presenter::_ZThn4_N14Game1PresenterD1Ev()	0	static
C:/TouchGFXProjects/Frogger-v2/TouchGFX/gui/src/game1_screen/Game1Presenter.cpp:4:1:Game1Presenter::Game1Presenter(Game1View&)	0	static
