../../Middlewares/ST/touchgfx/framework/include/touchgfx/Screen.hpp:104:18:virtual void touchgfx::Screen::afterTransition()	0	static
../../Middlewares/ST/touchgfx/framework/include/touchgfx/Screen.hpp:144:18:virtual void touchgfx::Screen::handleTickEvent()	0	static
../../Middlewares/ST/touchgfx/framework/include/touchgfx/Screen.hpp:154:18:virtual void touchgfx::Screen::handleKeyEvent(uint8_t)	0	static
C:/TouchGFXProjects/Frogger-v2/TouchGFX/gui/src/thirdranking_screen/ThirdRankingView.cpp:13:6:virtual void ThirdRankingView::tearDownScreen()	0	static
../../TouchGFX/gui/include/gui/thirdranking_screen/ThirdRankingView.hpp:11:13:ThirdRankingView::~ThirdRankingView()	8	static
../../TouchGFX/gui/include/gui/thirdranking_screen/ThirdRankingView.hpp:11:13:virtual ThirdRankingView::~ThirdRankingView()	8	static
C:/TouchGFXProjects/Frogger-v2/TouchGFX/gui/src/thirdranking_screen/ThirdRankingView.cpp:3:1:ThirdRankingView::ThirdRankingView()	8	static
C:/TouchGFXProjects/Frogger-v2/TouchGFX/gui/src/thirdranking_screen/ThirdRankingView.cpp:8:6:virtual void ThirdRankingView::setupScreen()	0	static
